C:\Users\paral_000\Documents\akcesoria-development\lenguage\Java_EE\Iintelijidea\SpringMVC\Rozdzial 2\webstore\src\main\java\com\packt\webstore\service\OrderService.java
C:\Users\paral_000\Documents\akcesoria-development\lenguage\Java_EE\Iintelijidea\SpringMVC\Rozdzial 2\webstore\src\main\java\com\packt\webstore\controller\ProductController.java
C:\Users\paral_000\Documents\akcesoria-development\lenguage\Java_EE\Iintelijidea\SpringMVC\Rozdzial 2\webstore\src\main\java\com\packt\webstore\service\impl\OrderServiceImpl.java
C:\Users\paral_000\Documents\akcesoria-development\lenguage\Java_EE\Iintelijidea\SpringMVC\Rozdzial 2\webstore\src\main\java\com\packt\webstore\domain\repository\ProductRepository.java
C:\Users\paral_000\Documents\akcesoria-development\lenguage\Java_EE\Iintelijidea\SpringMVC\Rozdzial 2\webstore\src\main\java\com\packt\webstore\controller\HomeController.java
C:\Users\paral_000\Documents\akcesoria-development\lenguage\Java_EE\Iintelijidea\SpringMVC\Rozdzial 2\webstore\src\main\java\com\packt\webstore\controller\OrderController.java
C:\Users\paral_000\Documents\akcesoria-development\lenguage\Java_EE\Iintelijidea\SpringMVC\Rozdzial 2\webstore\src\main\java\com\packt\webstore\domain\Product.java
C:\Users\paral_000\Documents\akcesoria-development\lenguage\Java_EE\Iintelijidea\SpringMVC\Rozdzial 2\webstore\src\main\java\com\packt\webstore\domain\repository\impl\InMemoryProductRepository.java
